// Jest Snapshot v1, https://goo.gl/fbAQLP

exports[`ActivityTemplateParserService deserializeRoutineActivities Positive: Should return an array containing deserialized routine activities 1`] = `
Array [
  Array [
    ActivityTemplate {
      "activity_data": ActivityData {
        "allowed_apps": undefined,
        "allowed_focus_mode_id": undefined,
        "allowed_urls": undefined,
        "choice_type": undefined,
        "include_in_every_break": undefined,
        "is_office_friendly": undefined,
        "log_quantity_question": undefined,
        "name": "Yoga",
        "video_urls": Array [
          "https://www.youtube.com/watch?v=nz5MCv0sFDA",
          "https://www.youtube.com/watch?v=oexYiIy75V8",
        ],
      },
      "activity_type": "morning",
      "duration_seconds": 300,
      "has_choices": false,
      "id": "116af843-818a-4e09-aaa2-53da041896de",
      "log_quantity": false,
      "log_summary_type": undefined,
      "pack_id": "bc55568b-59bb-4842-8a83-e92843356978",
      "sequence_index": 0,
      "user_id": "3a4f0bb1-5313-49da-9ae6-cc28e864763f",
    },
    ActivityTemplate {
      "activity_data": ActivityData {
        "allowed_apps": undefined,
        "allowed_focus_mode_id": undefined,
        "allowed_urls": undefined,
        "choice_type": undefined,
        "include_in_every_break": undefined,
        "is_office_friendly": undefined,
        "log_quantity_question": undefined,
        "name": "Deep breathing",
        "video_urls": Array [
          "https://www.youtube.com/watch?v=36mnXAQGRzc",
        ],
      },
      "activity_type": "morning",
      "duration_seconds": 180,
      "has_choices": false,
      "id": "74935284-e936-4247-8afa-e453484865e0",
      "log_quantity": false,
      "log_summary_type": undefined,
      "pack_id": "bc55568b-59bb-4842-8a83-e92843356978",
      "sequence_index": 1,
      "user_id": "3a4f0bb1-5313-49da-9ae6-cc28e864763f",
    },
  ],
  Array [
    ActivityTemplate {
      "activity_data": ActivityData {
        "allowed_apps": undefined,
        "allowed_focus_mode_id": undefined,
        "allowed_urls": undefined,
        "choice_type": undefined,
        "include_in_every_break": undefined,
        "is_office_friendly": undefined,
        "log_quantity_question": undefined,
        "name": "Yoga",
        "video_urls": Array [
          "https://www.youtube.com/watch?v=nz5MCv0sFDA",
          "https://www.youtube.com/watch?v=oexYiIy75V8",
        ],
      },
      "activity_type": "breaking",
      "duration_seconds": 300,
      "has_choices": false,
      "id": "346af843-818a-4e09-aaa2-53da041896de",
      "log_quantity": false,
      "log_summary_type": undefined,
      "pack_id": "bc55568b-59bb-4842-8a83-e92843356978",
      "sequence_index": 0,
      "user_id": "3a4f0bb1-5313-49da-9ae6-cc28e864763f",
    },
    ActivityTemplate {
      "activity_data": ActivityData {
        "allowed_apps": undefined,
        "allowed_focus_mode_id": undefined,
        "allowed_urls": undefined,
        "choice_type": undefined,
        "include_in_every_break": undefined,
        "is_office_friendly": undefined,
        "log_quantity_question": undefined,
        "name": "Deep breathing",
        "video_urls": Array [
          "https://www.youtube.com/watch?v=36mnXAQGRzc",
        ],
      },
      "activity_type": "breaking",
      "duration_seconds": 180,
      "has_choices": false,
      "id": "87935284-e936-4247-8afa-e453484865e0",
      "log_quantity": false,
      "log_summary_type": undefined,
      "pack_id": "bc55568b-59bb-4842-8a83-e92843356978",
      "sequence_index": 1,
      "user_id": "3a4f0bb1-5313-49da-9ae6-cc28e864763f",
    },
  ],
  Array [
    ActivityTemplate {
      "activity_data": ActivityData {
        "allowed_apps": undefined,
        "allowed_focus_mode_id": undefined,
        "allowed_urls": undefined,
        "choice_type": undefined,
        "include_in_every_break": undefined,
        "is_office_friendly": undefined,
        "log_quantity_question": undefined,
        "name": "Yoga",
        "video_urls": Array [
          "https://www.youtube.com/watch?v=nz5MCv0sFDA",
          "https://www.youtube.com/watch?v=oexYiIy75V8",
        ],
      },
      "activity_type": "evening",
      "duration_seconds": 300,
      "has_choices": false,
      "id": "906af843-818a-4e09-aaa2-53da041896de",
      "log_quantity": false,
      "log_summary_type": undefined,
      "pack_id": "bc55568b-59bb-4842-8a83-e92843356978",
      "sequence_index": 0,
      "user_id": "3a4f0bb1-5313-49da-9ae6-cc28e864763f",
    },
    ActivityTemplate {
      "activity_data": ActivityData {
        "allowed_apps": undefined,
        "allowed_focus_mode_id": undefined,
        "allowed_urls": undefined,
        "choice_type": undefined,
        "include_in_every_break": undefined,
        "is_office_friendly": undefined,
        "log_quantity_question": undefined,
        "name": "Deep breathing",
        "video_urls": Array [
          "https://www.youtube.com/watch?v=36mnXAQGRzc",
        ],
      },
      "activity_type": "evening",
      "duration_seconds": 300,
      "has_choices": false,
      "id": "67935284-e936-4247-8afa-e453484865e0",
      "log_quantity": false,
      "log_summary_type": undefined,
      "pack_id": "bc55568b-59bb-4842-8a83-e92843356978",
      "sequence_index": 1,
      "user_id": "3a4f0bb1-5313-49da-9ae6-cc28e864763f",
    },
  ],
]
`;

exports[`ActivityTemplateParserService deserializeStandaloneActivities Positive: Should return an object containing deserialized standalone activities 1`] = `Promise {}`;

exports[`ActivityTemplateParserService serialize Positive: should return serialized activity templates 1`] = `
Object {
  "standalone_activities": Array [
    Object {
      "activity_type": "standalone_activity",
      "choices": undefined,
      "duration_seconds": 300,
      "id": "116af843-818a-4e09-aaa2-53da041896de",
      "log_quantity": false,
      "log_summary_type": undefined,
      "pack_id": "bc55568b-59bb-4842-8a83-e92843356978",
    },
    Object {
      "activity_type": "standalone_activity",
      "choices": undefined,
      "duration_seconds": 300,
      "id": "b8301b80-1286-464a-b0be-5838f52e2ff6",
      "log_quantity": undefined,
      "log_summary_type": undefined,
      "pack_id": "bc55568b-59bb-4842-8a83-e92843356978",
    },
    Object {
      "activity_type": "standalone_activity",
      "choices": undefined,
      "duration_seconds": 180,
      "id": "74935284-e936-4247-8afa-e453484865e0",
      "log_quantity": false,
      "log_summary_type": undefined,
      "pack_id": "bc55568b-59bb-4842-8a83-e92843356978",
    },
  ],
}
`;
