// Jest Snapshot v1, https://goo.gl/fbAQLP

exports[`ActivityLibraryService getLibraryActivities positive: should fetch activity templates from the DB and format them as activity DTOs before returning them as response 1`] = `
[
  {
    "activity_type": "standalone",
    "check_list": undefined,
    "choice_type": "random",
    "choices": [
      {
        "activity_type": "standalone",
        "check_list": undefined,
        "choices": [],
        "completion_requirements": undefined,
        "duration_seconds": 300,
        "id": "3a9061fa-1cc1-43e9-a0ca-6cbfe6a4da80",
        "log_quantity": true,
        "log_quantity_questions": undefined,
        "log_summary_type": "SUM",
        "name": "Crunches",
        "pack_id": "8f458a6b-72ad-471b-80cc-22f47fd7c2b4",
        "tags": [],
        "tutorial": undefined,
        "video_urls": [],
      },
    ],
    "completion_requirements": undefined,
    "duration_seconds": 300,
    "id": "b9501b80-1286-464a-b0be-5838f52e2ff8",
    "log_quantity": false,
    "log_quantity_questions": undefined,
    "log_summary_type": "SUM",
    "name": "Journaling",
    "pack_id": "8f458a6b-72ad-471b-80cc-22f47fd7c2b4",
    "tags": [],
    "tutorial": undefined,
    "video_urls": [],
  },
  {
    "activity_type": "standalone",
    "check_list": undefined,
    "choice_type": "random",
    "choices": [],
    "completion_requirements": undefined,
    "duration_seconds": 300,
    "id": "b9501b60-1286-484a-b0be-5838f52e2ff9",
    "log_quantity": false,
    "log_quantity_questions": undefined,
    "log_summary_type": "SUM",
    "name": "Swimming",
    "pack_id": "8f458a6b-72ad-471b-80cc-22f47fd7c2b4",
    "tags": [],
    "tutorial": undefined,
    "video_urls": [],
  },
]
`;

exports[`ActivityLibraryService updateLibraryActivities positive: should format activity DTOs as ActivityTemplates and then upsert activity templates 1`] = `[]`;
