// Jest Snapshot v1, https://goo.gl/fbAQLP

exports[`CompletedActivityService completeMultipleActivities Positive: should return an array of completed activities 1`] = `
Array [
  CompletedActivityResponse {
    "completed_activity_log": Object {
      "id": "1b9fa7be-0cef-4554-bac3-1190705ea08b",
    },
    "completed_choice_log": null,
  },
  CompletedActivityResponse {
    "completed_activity_log": Object {
      "id": "1d39fa59-3ca2-4252-ab9a-affa41634634",
    },
    "completed_choice_log": null,
  },
]
`;
