// Jest Snapshot v1, https://goo.gl/fbAQLP

exports[`HabitPackManagerService getUserInstalledPacks positive: should return the user's installed packs 1`] = `
[
  {
    "break_activities": [
      {
        "activity_type": "break_activity",
        "allowed_apps": [],
        "allowed_urls": [],
        "choice_type": "random",
        "choices": [],
        "duration_seconds": 30,
        "id": "630c921d-dc9c-4107-acd2-023d7930d9bf",
        "include_in_every_break": true,
        "is_office_friendly": false,
        "log_quantity": false,
        "log_quantity_question": "",
        "log_summary_type": "SUM",
        "name": "Micro-workout",
        "pack_id": "34dd7441-16f9-4772-be6c-416f9af5689b",
        "video_urls": [],
      },
    ],
    "description": "<p>test desc</p>",
    "description_video_url": "www.google.com",
    "evening_activities": [
      {
        "activity_type": "evening_activity",
        "choices": [],
        "duration_seconds": 150,
        "id": "f3dbeeb2-9284-4d39-bbd4-04cc17d40b4e",
        "log_quantity": false,
        "log_summary_type": "SUM",
        "name": "Mess up desk",
        "pack_id": "34dd7441-16f9-4772-be6c-416f9af5689b",
        "video_urls": [],
      },
    ],
    "featured_for_onboarding": false,
    "id": "34dd7441-16f9-4772-be6c-416f9af5689b",
    "is_featured": false,
    "marketplace_approval_status": false,
    "marketplace_request": "requested",
    "morning_activities": [
      {
        "activity_type": "morning_activity",
        "choices": [],
        "duration_seconds": 300,
        "id": "b24c9383-f8a0-409c-bbd9-e37b9566de3b",
        "log_quantity": false,
        "log_summary_type": "SUM",
        "name": "Yoga",
        "pack_id": "34dd7441-16f9-4772-be6c-416f9af5689b",
        "video_urls": [
          "https://www.youtube.com/watch?v=nz5MCv0sFDA",
          "https://www.youtube.com/watch?v=oexYiIy75V8",
        ],
      },
    ],
    "pack_name": "Best routine pack",
    "pack_type": "routine",
    "welcome_message": "<p>test welcome message</p>",
    "welcome_video_url": "www.youtube.com",
  },
]
`;
